LAMMPS (18 Jul 2015)
  using 1 OpenMP thread(s) per MPI task
Reading data file ...
  orthogonal box = (-12.1247 -12.1247 -12.1247) to (12.1247 12.1247 12.1247)
  2 by 2 by 4 MPI processor grid
  reading atoms ...
  1429 atoms
  scanning bonds ...
  4 = max bonds/atom
  scanning angles ...
  6 = max angles/atom
  scanning dihedrals ...
  15 = max dihedrals/atom
  scanning impropers ...
  1 = max impropers/atom
  reading bonds ...
  961 bonds
  reading angles ...
  514 angles
  reading dihedrals ...
  64 dihedrals
  reading impropers ...
  5 impropers
Finding 1-2 1-3 1-4 neighbors ...
 Special bond factors lj:   0          0          0
 Special bond factors coul: 0          0          0
  4 = max # of 1-2 neighbors
  7 = max # of 1-3 neighbors
  14 = max # of 1-4 neighbors
  18 = max # of special neighbors
-------------------------------------------------------------------
[EVB] Construct EVB module ...
[EVB] Check atom information [sum:record] ...
      ---> bond     961      : 961
      ---> angle    514      : 514
      ---> dihedral 64       : 64
      ---> improper 5        : 5
[EVB] max bond per atom: 3/4
[EVB] max angle per atom: 6/6
[EVB] max dihedral per atom: 9/15
[EVB] max improper per atom: 1/1
[EVB] Reading TOPOLOGY from file ../input/glue_revised.top
[EVB] Construction finished.
-------------------------------------------------------------------
[EVB] Copyright VOTH GROUP   Version svn r195 on Aug. 24, 2015
-------------------------------------------------------------------
[MESSAGE] Found FixEVB Object.
EVB_PPPM initialization ...
  G vector (1/distance)= 0.255648
  grid = 18 18 18
  stencil order = 5
  differentiation = ik (1 FFT energies + 3 FFT forces)
  estimated absolute RMS force accuracy = 0.00232973
  estimated relative force accuracy = 7.01591e-06
  using double precision FFTs
  3d grid and FFT values/proc = 2816 648
Init EVB-Effective-Pair module...
Neighbor list info ...
  1 neighbor list requests
  update every 1 steps, delay 10 steps, check yes
  master list distance cutoff = 14
  ghost atom cutoff = 14
Setting up run ...
WARNING: Inconsistent image flags (../domain.cpp:756)
Setting up EVB ...
Memory usage per processor = 15.0409 Mbytes
---------------- Step        0 ----- CPU =      0.0000 (sec) ----------------
TotEng   =     -4737.0205 KinEng   =         0.0000 Temp     =         0.0000
PotEng   =     -4737.0205 E_bond   =         0.0000 E_angle  =         0.0000
E_dihed  =         0.0000 E_impro  =         0.0000 E_vdwl   =         0.0000
E_coul   =         0.0000 E_long   =         0.0000 Press    =     -9103.3559
---------------- Step     1000 ----- CPU =     60.6756 (sec) ----------------
TotEng   =     -3615.1554 KinEng   =      1223.1498 Temp     =       287.3539
PotEng   =     -4838.3052 E_bond   =         0.0000 E_angle  =         0.0000
E_dihed  =         0.0000 E_impro  =         0.0000 E_vdwl   =         0.0000
E_coul   =         0.0000 E_long   =         0.0000 Press    =    -14916.3747
---------------- Step     2000 ----- CPU =    119.5395 (sec) ----------------
TotEng   =     -3536.8212 KinEng   =      1328.5049 Temp     =       312.1050
PotEng   =     -4865.3261 E_bond   =         0.0000 E_angle  =         0.0000
E_dihed  =         0.0000 E_impro  =         0.0000 E_vdwl   =         0.0000
E_coul   =         0.0000 E_long   =         0.0000 Press    =     -4602.7385
---------------- Step     3000 ----- CPU =    190.7646 (sec) ----------------
TotEng   =     -3582.5086 KinEng   =      1289.0428 Temp     =       302.8341
PotEng   =     -4871.5514 E_bond   =         0.0000 E_angle  =         0.0000
E_dihed  =         0.0000 E_impro  =         0.0000 E_vdwl   =         0.0000
E_coul   =         0.0000 E_long   =         0.0000 Press    =    -19959.7446
---------------- Step     4000 ----- CPU =    266.0544 (sec) ----------------
TotEng   =     -3637.7951 KinEng   =      1261.8312 Temp     =       296.4413
PotEng   =     -4899.6263 E_bond   =         0.0000 E_angle  =         0.0000
E_dihed  =         0.0000 E_impro  =         0.0000 E_vdwl   =         0.0000
E_coul   =         0.0000 E_long   =         0.0000 Press    =    -11713.4977
---------------- Step     5000 ----- CPU =    322.0679 (sec) ----------------
TotEng   =     -3674.2031 KinEng   =      1255.5908 Temp     =       294.9753
PotEng   =     -4929.7939 E_bond   =         0.0000 E_angle  =         0.0000
E_dihed  =         0.0000 E_impro  =         0.0000 E_vdwl   =         0.0000
E_coul   =         0.0000 E_long   =         0.0000 Press    =    -17073.4604
