LAMMPS (18 Jul 2015)
  using 1 OpenMP thread(s) per MPI task
Reading data file ...
  orthogonal box = (-12.1247 -12.1247 -12.1247) to (12.1247 12.1247 12.1247)
  2 by 2 by 5 MPI processor grid
  reading atoms ...
  1429 atoms
  scanning bonds ...
  4 = max bonds/atom
  scanning angles ...
  6 = max angles/atom
  scanning dihedrals ...
  15 = max dihedrals/atom
  scanning impropers ...
  1 = max impropers/atom
  reading bonds ...
  961 bonds
  reading angles ...
  514 angles
  reading dihedrals ...
  64 dihedrals
  reading impropers ...
  5 impropers
Finding 1-2 1-3 1-4 neighbors ...
 Special bond factors lj:   0          0          0
 Special bond factors coul: 0          0          0
  4 = max # of 1-2 neighbors
  7 = max # of 1-3 neighbors
  14 = max # of 1-4 neighbors
  18 = max # of special neighbors
-------------------------------------------------------------------
[EVB] Construct EVB module ...
[EVB] Check atom information [sum:record] ...
      ---> bond     961      : 961
      ---> angle    514      : 514
      ---> dihedral 64       : 64
      ---> improper 5        : 5
[EVB] max bond per atom: 3/4
[EVB] max angle per atom: 6/6
[EVB] max dihedral per atom: 9/15
[EVB] max improper per atom: 1/1
[EVB] Reading TOPOLOGY from file ../input/glue_revised.top
[EVB] Construction finished.
-------------------------------------------------------------------
[EVB] Copyright VOTH GROUP   Version svn r195 on Aug. 24, 2015
-------------------------------------------------------------------
[MESSAGE] Found FixEVB Object.
EVB_PPPM initialization ...
  G vector (1/distance)= 0.255648
  grid = 18 18 18
  stencil order = 5
  differentiation = ik (1 FFT energies + 3 FFT forces)
  estimated absolute RMS force accuracy = 0.00232973
  estimated relative force accuracy = 7.01591e-06
  using double precision FFTs
  3d grid and FFT values/proc = 2816 360
Init EVB-Effective-Pair module...
Neighbor list info ...
  1 neighbor list requests
  update every 1 steps, delay 10 steps, check yes
  master list distance cutoff = 14
  ghost atom cutoff = 14
Setting up run ...
WARNING: Inconsistent image flags (../domain.cpp:756)
Setting up EVB ...
Memory usage per processor = 14.9988 Mbytes
---------------- Step        0 ----- CPU =      0.0000 (sec) ----------------
TotEng   =     -4665.7175 KinEng   =         0.0000 Temp     =         0.0000
PotEng   =     -4665.7175 E_bond   =         0.0000 E_angle  =         0.0000
E_dihed  =         0.0000 E_impro  =         0.0000 E_vdwl   =         0.0000
E_coul   =         0.0000 E_long   =         0.0000 Press    =     -4556.2602
---------------- Step     1000 ----- CPU =     59.4714 (sec) ----------------
TotEng   =     -3516.1597 KinEng   =      1248.2035 Temp     =       293.2398
PotEng   =     -4764.3632 E_bond   =         0.0000 E_angle  =         0.0000
E_dihed  =         0.0000 E_impro  =         0.0000 E_vdwl   =         0.0000
E_coul   =         0.0000 E_long   =         0.0000 Press    =     -5100.0203
---------------- Step     2000 ----- CPU =    122.3706 (sec) ----------------
TotEng   =     -3496.1632 KinEng   =      1237.6898 Temp     =       290.7698
PotEng   =     -4733.8531 E_bond   =         0.0000 E_angle  =         0.0000
E_dihed  =         0.0000 E_impro  =         0.0000 E_vdwl   =         0.0000
E_coul   =         0.0000 E_long   =         0.0000 Press    =     -6414.3868
---------------- Step     3000 ----- CPU =    188.0991 (sec) ----------------
TotEng   =     -3533.3547 KinEng   =      1273.3851 Temp     =       299.1557
PotEng   =     -4806.7398 E_bond   =         0.0000 E_angle  =         0.0000
E_dihed  =         0.0000 E_impro  =         0.0000 E_vdwl   =         0.0000
E_coul   =         0.0000 E_long   =         0.0000 Press    =       -62.5963
---------------- Step     4000 ----- CPU =    239.4827 (sec) ----------------
TotEng   =     -3519.3254 KinEng   =      1223.7787 Temp     =       287.5017
PotEng   =     -4743.1041 E_bond   =         0.0000 E_angle  =         0.0000
E_dihed  =         0.0000 E_impro  =         0.0000 E_vdwl   =         0.0000
E_coul   =         0.0000 E_long   =         0.0000 Press    =     -6922.4533
APPLICATION TERMINATED WITH THE EXIT STRING: Segmentation fault (signal 11)
