
          -------------------------------------------------------
          Amber 14 SANDER                              2014
          -------------------------------------------------------

| Run on 04/02/2018 at 13:09:04

|   Executable path: /sw/med/centos7/amber/14/bin/sander.MPI
| Working directory: /home/ywwoo/AMBER/INSULIN/4ex0
|          Hostname: nyx5568.arc-ts.umich.edu

  [-O]verwriting output

File Assignments:
|  MDIN: 03_prod.in                                                            
| MDOUT: 03_prod.out                                                           
|INPCRD: 2_heat.rst                                                            
|  PARM: solvated_insul_4ex0.top                                               
|RESTRT: 03_prod.rst                                                           
|  REFC: refc                                                                  
| MDVEL: mdvel                                                                 
| MDFRC: mdfrc                                                                 
|  MDEN: mden                                                                  
| MDCRD: 03_prod.mdcrd                                                         
|MDINFO: 03_prod.info                                                          
|  MTMD: mtmd                                                                  
|INPDIP: inpdip                                                                
|RSTDIP: rstdip                                                                
|INPTRA: inptraj                                                               

|    REMLOG: rem.log
|   REMTYPE: rem.type
|  REMSTRIP: 
|   SAVEENE: saveene
|CLUSTERINF: cluster.info
| RESERVOIR: reserv/frame
|   REMDDIM: 


 Here is the input file:

Production                                                                     
 &cntrl                                                                        
  imin=0,                                                                      
  ntx=5,                                                                       
  irest=1,                                                                     
  nstlim=2500000,                                                              
  dt=0.002,                                                                    
  ntf=2,                                                                       
  ntc=2,                                                                       
  temp0=310.0,                                                                 
  ntpr=1000,                                                                   
  ntwx=1000,                                                                   
  cut=8.0,                                                                     
  ntb=2,                                                                       
  ntp=1,                                                                       
  ntt=3,                                                                       
  gamma_ln=2.0,                                                                
  ig=-1,                                                                       
 /                                                                             

--------------------------------------------------------------------------------
   1.  RESOURCE   USE: 
--------------------------------------------------------------------------------

| Flags: MPI                                                                    
 getting new box info from bottom of inpcrd
|  INFO: Old style inpcrd file read

| peek_ewald_inpcrd: Box info found
|Largest sphere to fit in unit cell has radius =    26.517
| New format PARM file being parsed.
| Version =    1.000 Date = 03/26/18 Time = 16:18:18
 NATOM  =   19846 NTYPES =      16 NBONH =   19036 MBONA  =     826
 NTHETH =    1746 MTHETA =    1118 NPHIH =    3642 MPHIA  =    3518
 NHPARM =       0 NPARM  =       0 NNB   =   33036 NRES   =    6188
 NBONA  =     826 NTHETA =    1118 NPHIA =    3518 NUMBND =      57
 NUMANG =     128 NPTRA  =     158 NATYP =      30 NPHB   =       1
 IFBOX  =       1 NMXRS  =      24 IFCAP =       0 NEXTRA =       0
 NCOPY  =       0


|     Memory Use     Allocated
|     Real             1457497
|     Hollerith          65728
|     Integer           813793
|     Max Pairs        3307666
|     nblistReal        238152
|     nblist Int        935307
|       Total            33257 kbytes

| Note: 1-4 EEL scale factors are being read from the topology file.

| Note: 1-4 VDW scale factors are being read from the topology file.
| Duplicated    0 dihedrals
| Duplicated    0 dihedrals

     BOX TYPE: RECTILINEAR
Note: ig = -1. Setting random seed to    41076 based on wallclock time in microseconds
      and disabling the synchronization of random numbers between tasks
      to improve performance.

--------------------------------------------------------------------------------
   2.  CONTROL  DATA  FOR  THE  RUN
--------------------------------------------------------------------------------

default_name                                                                    

General flags:
     imin    =       0, nmropt  =       0

Nature and format of input:
     ntx     =       5, irest   =       1, ntrx    =       1

Nature and format of output:
     ntxo    =       1, ntpr    =    1000, ntrx    =       1, ntwr    =     500
     iwrap   =       0, ntwx    =    1000, ntwv    =       0, ntwe    =       0
     ioutfm  =       0, ntwprt  =       0, idecomp =       0, rbornstat=      0

Potential function:
     ntf     =       2, ntb     =       2, igb     =       0, nsnb    =      25
     ipol    =       0, gbsa    =       0, iesp    =       0
     dielc   =   1.00000, cut     =   8.00000, intdiel =   1.00000

Frozen or restrained atoms:
     ibelly  =       0, ntr     =       0

Molecular dynamics:
     nstlim  =   2500000, nscm    =      1000, nrespa  =         1
     t       =   0.00000, dt      =   0.00200, vlimit  =  20.00000

Langevin dynamics temperature regulation:
     ig      =   41076
     temp0   = 310.00000, tempi   =   0.00000, gamma_ln=   2.00000

Pressure regulation:
     ntp     =       1
     pres0   =   1.00000, comp    =  44.60000, taup    =   1.00000

SHAKE:
     ntc     =       2, jfastw  =       0
     tol     =   0.00001

Ewald parameters:
     verbose =       0, ew_type =       0, nbflag  =       1, use_pme =       1
     vdwmeth =       1, eedmeth =       1, netfrc  =       1
     Box X =   69.814   Box Y =   53.034   Box Z =   68.610
     Alpha =   90.000   Beta  =   90.000   Gamma =   90.000
     NFFT1 =   72       NFFT2 =   54       NFFT3 =   72
     Cutoff=    8.000   Tol   =0.100E-04
     Ewald Coefficient =  0.34864
     Interpolation order =    4

| MPI Timing options:
|      profile_mpi =        0

--------------------------------------------------------------------------------
   3.  ATOMIC COORDINATES AND VELOCITIES
--------------------------------------------------------------------------------

default_name                                                                    
 begin time read from input coords =    20.000 ps

 Number of triangulated 3-point waters found:     6086
|  Atom division among processors:
|         0    9925   19846

     Sum of charges from parm topology file =  -0.00000007
     Forcing neutrality...
|  Running AMBER/MPI version on    2 nodes


--------------------------------------------------------------------------------
   4.  RESULTS
--------------------------------------------------------------------------------

|  # of SOLUTE  degrees of freedom (RNDFP):   40502.
|  # of SOLVENT degrees of freedom (RNDFS):       0.
|  NDFMIN =   40502.     NUM_NOSHAKE =      0     CORRECTED RNDFP =   40502.
|  TOTAL # of degrees of freedom (RNDF) =   40502.
 ---------------------------------------------------
 APPROXIMATING switch and d/dx switch using CUBIC SPLINE INTERPOLATION
 using   5000.0 points per unit in tabled values
 TESTING RELATIVE ERROR over r ranging from 0.0 to cutoff
| CHECK switch(x): max rel err =   0.2738E-14   at   2.422500
| CHECK d/dx switch(x): max rel err =   0.8332E-11   at   2.782960
 ---------------------------------------------------
| Local SIZE OF NONBOND LIST =    1661361
| TOTAL SIZE OF NONBOND LIST =    3502698

 NSTEP =     1000   TIME(PS) =      22.000  TEMP(K) =   312.39  PRESS =  -499.9
 Etot   =    -45733.8635  EKtot   =     12571.3693  EPtot      =    -58305.2329
 BOND   =       302.1867  ANGLE   =       820.7993  DIHED      =      1311.4731
 1-4 NB =       386.1457  1-4 EEL =      4531.9566  VDWAALS    =      7276.7940
 EELEC  =    -72934.5883  EHBOND  =         0.0000  RESTRAINT  =         0.0000
 EKCMT  =      5668.8185  VIRIAL  =      8289.5780  VOLUME     =    242811.7182
                                                    Density    =         0.8294
 Ewald error estimate:   0.4446E-04
 ------------------------------------------------------------------------------


 NSTEP =     2000   TIME(PS) =      24.000  TEMP(K) =   313.34  PRESS =  -323.0
 Etot   =    -45888.3550  EKtot   =     12609.4948  EPtot      =    -58497.8498
 BOND   =       280.2965  ANGLE   =       804.2290  DIHED      =      1332.5884
 1-4 NB =       391.3153  1-4 EEL =      4625.6556  VDWAALS    =      7306.8739
 EELEC  =    -73238.8085  EHBOND  =         0.0000  RESTRAINT  =         0.0000
 EKCMT  =      5650.0375  VIRIAL  =      7285.2466  VOLUME     =    234477.6292
                                                    Density    =         0.8589
 Ewald error estimate:   0.7642E-04
 ------------------------------------------------------------------------------


 NSTEP =     3000   TIME(PS) =      26.000  TEMP(K) =   308.45  PRESS =  -197.5
 Etot   =    -46307.0387  EKtot   =     12412.7653  EPtot      =    -58719.8040
 BOND   =       297.9735  ANGLE   =       849.3646  DIHED      =      1309.7691
 1-4 NB =       375.9840  1-4 EEL =      4561.7982  VDWAALS    =      7351.7129
 EELEC  =    -73466.4063  EHBOND  =         0.0000  RESTRAINT  =         0.0000
 EKCMT  =      5706.0611  VIRIAL  =      6678.2084  VOLUME     =    227969.2179
                                                    Density    =         0.8834
 Ewald error estimate:   0.1055E-03
 ------------------------------------------------------------------------------


 NSTEP =     4000   TIME(PS) =      28.000  TEMP(K) =   313.79  PRESS =  -259.1
 Etot   =    -46564.6624  EKtot   =     12627.8308  EPtot      =    -59192.4932
 BOND   =       298.3305  ANGLE   =       839.4659  DIHED      =      1299.8537
 1-4 NB =       399.9574  1-4 EEL =      4591.3328  VDWAALS    =      7419.0115
 EELEC  =    -74040.4450  EHBOND  =         0.0000  RESTRAINT  =         0.0000
 EKCMT  =      5647.6978  VIRIAL  =      6885.0614  VOLUME     =    221143.1844
                                                    Density    =         0.9106
 Ewald error estimate:   0.1319E-03
 ------------------------------------------------------------------------------


 NSTEP =     5000   TIME(PS) =      30.000  TEMP(K) =   314.57  PRESS =  -354.5
 Etot   =    -46624.0805  EKtot   =     12659.3175  EPtot      =    -59283.3980
 BOND   =       303.4802  ANGLE   =       862.6946  DIHED      =      1296.1597
 1-4 NB =       382.1963  1-4 EEL =      4564.4975  VDWAALS    =      7368.7184
 EELEC  =    -74061.1448  EHBOND  =         0.0000  RESTRAINT  =         0.0000
 EKCMT  =      5664.3504  VIRIAL  =      7322.2067  VOLUME     =    216583.6449
                                                    Density    =         0.9298
 Ewald error estimate:   0.1783E-04
 ------------------------------------------------------------------------------


 NSTEP =     6000   TIME(PS) =      32.000  TEMP(K) =   310.94  PRESS =   -15.1
 Etot   =    -46860.4923  EKtot   =     12513.1382  EPtot      =    -59373.6304
 BOND   =       315.8262  ANGLE   =       836.0093  DIHED      =      1301.1536
 1-4 NB =       388.5418  1-4 EEL =      4608.4070  VDWAALS    =      7501.2746
 EELEC  =    -74324.8429  EHBOND  =         0.0000  RESTRAINT  =         0.0000
 EKCMT  =      5622.0287  VIRIAL  =      5691.1610  VOLUME     =    212530.4359
                                                    Density    =         0.9475
 Ewald error estimate:   0.5482E-04
 ------------------------------------------------------------------------------


 NSTEP =     7000   TIME(PS) =      34.000  TEMP(K) =   315.25  PRESS =   -47.4
 Etot   =    -46661.2225  EKtot   =     12686.4699  EPtot      =    -59347.6924
 BOND   =       310.7006  ANGLE   =       823.1779  DIHED      =      1297.3554
 1-4 NB =       396.8485  1-4 EEL =      4589.7807  VDWAALS    =      7454.9128
 EELEC  =    -74220.4684  EHBOND  =         0.0000  RESTRAINT  =         0.0000
 EKCMT  =      5691.7763  VIRIAL  =      5906.3842  VOLUME     =    209819.8261
                                                    Density    =         0.9598
 Ewald error estimate:   0.7016E-04
 ------------------------------------------------------------------------------


 NSTEP =     8000   TIME(PS) =      36.000  TEMP(K) =   311.37  PRESS =  -152.6
 Etot   =    -47012.7914  EKtot   =     12530.2669  EPtot      =    -59543.0584
 BOND   =       320.9108  ANGLE   =       848.5633  DIHED      =      1282.7941
 1-4 NB =       394.6015  1-4 EEL =      4551.7696  VDWAALS    =      7399.4251
 EELEC  =    -74341.1227  EHBOND  =         0.0000  RESTRAINT  =         0.0000
 EKCMT  =      5675.7074  VIRIAL  =      6357.9400  VOLUME     =    207126.3920
                                                    Density    =         0.9723
 Ewald error estimate:   0.3901E-04
 ------------------------------------------------------------------------------


 NSTEP =     9000   TIME(PS) =      38.000  TEMP(K) =   309.72  PRESS =     6.4
 Etot   =    -47184.2719  EKtot   =     12463.9638  EPtot      =    -59648.2356
 BOND   =       322.4971  ANGLE   =       849.0953  DIHED      =      1275.9244
 1-4 NB =       400.7291  1-4 EEL =      4591.3220  VDWAALS    =      7398.7635
 EELEC  =    -74486.5670  EHBOND  =         0.0000  RESTRAINT  =         0.0000
 EKCMT  =      5575.4661  VIRIAL  =      5547.3031  VOLUME     =    204528.3498
                                                    Density    =         0.9846
 Ewald error estimate:   0.2643E-04
 ------------------------------------------------------------------------------


 NSTEP =    10000   TIME(PS) =      40.000  TEMP(K) =   309.01  PRESS =  -265.7
 Etot   =    -47303.6697  EKtot   =     12435.3965  EPtot      =    -59739.0662
 BOND   =       301.5365  ANGLE   =       839.5867  DIHED      =      1271.2313
 1-4 NB =       394.2857  1-4 EEL =      4603.7525  VDWAALS    =      7204.0869
 EELEC  =    -74353.5458  EHBOND  =         0.0000  RESTRAINT  =         0.0000
 EKCMT  =      5587.6856  VIRIAL  =      6752.6492  VOLUME     =    203081.2772
                                                    Density    =         0.9916
 Ewald error estimate:   0.1609E-03
 ------------------------------------------------------------------------------


 NSTEP =    11000   TIME(PS) =      42.000  TEMP(K) =   311.15  PRESS =  -218.0
 Etot   =    -47492.5241  EKtot   =     12521.5804  EPtot      =    -60014.1045
 BOND   =       331.3244  ANGLE   =       834.3825  DIHED      =      1269.7969
 1-4 NB =       380.8093  1-4 EEL =      4574.3866  VDWAALS    =      7369.4628
 EELEC  =    -74774.2670  EHBOND  =         0.0000  RESTRAINT  =         0.0000
 EKCMT  =      5716.1671  VIRIAL  =      6666.7332  VOLUME     =    201918.4909
                                                    Density    =         0.9973
 Ewald error estimate:   0.3021E-04
 ------------------------------------------------------------------------------


 NSTEP =    12000   TIME(PS) =      44.000  TEMP(K) =   309.78  PRESS =   -27.1
 Etot   =    -47656.3684  EKtot   =     12466.3063  EPtot      =    -60122.6747
 BOND   =       326.8620  ANGLE   =       861.2552  DIHED      =      1282.3635
 1-4 NB =       383.4499  1-4 EEL =      4543.5246  VDWAALS    =      7544.2120
 EELEC  =    -75064.3420  EHBOND  =         0.0000  RESTRAINT  =         0.0000
 EKCMT  =      5601.0164  VIRIAL  =      5718.4566  VOLUME     =    200692.8894
                                                    Density    =         1.0034
 Ewald error estimate:   0.9720E-04
 ------------------------------------------------------------------------------


 NSTEP =    13000   TIME(PS) =      46.000  TEMP(K) =   313.49  PRESS =    44.6
 Etot   =    -47132.8479  EKtot   =     12615.6706  EPtot      =    -59748.5185
 BOND   =       328.3861  ANGLE   =       859.0706  DIHED      =      1292.3541
 1-4 NB =       398.1609  1-4 EEL =      4551.1239  VDWAALS    =      7404.7528
 EELEC  =    -74582.3670  EHBOND  =         0.0000  RESTRAINT  =         0.0000
 EKCMT  =      5727.5613  VIRIAL  =      5534.6301  VOLUME     =    200393.6703
                                                    Density    =         1.0049
 Ewald error estimate:   0.5112E-04
 ------------------------------------------------------------------------------


 NSTEP =    14000   TIME(PS) =      48.000  TEMP(K) =   305.54  PRESS =  -210.7
 Etot   =    -47626.2340  EKtot   =     12295.5684  EPtot      =    -59921.8024
 BOND   =       329.4789  ANGLE   =       857.8938  DIHED      =      1280.8443
 1-4 NB =       402.9852  1-4 EEL =      4574.2628  VDWAALS    =      7328.8488
 EELEC  =    -74696.1162  EHBOND  =         0.0000  RESTRAINT  =         0.0000
 EKCMT  =      5507.6539  VIRIAL  =      6421.5364  VOLUME     =    200840.8111
                                                    Density    =         1.0027
 Ewald error estimate:   0.5973E-04
 ------------------------------------------------------------------------------


 NSTEP =    15000   TIME(PS) =      50.000  TEMP(K) =   310.32  PRESS =  -163.3
 Etot   =    -47335.6701  EKtot   =     12488.1130  EPtot      =    -59823.7831
 BOND   =       306.9980  ANGLE   =       825.6002  DIHED      =      1280.7659
 1-4 NB =       392.8832  1-4 EEL =      4595.7019  VDWAALS    =      7297.5778
 EELEC  =    -74523.3100  EHBOND  =         0.0000  RESTRAINT  =         0.0000
 EKCMT  =      5600.3129  VIRIAL  =      6308.7109  VOLUME     =    200875.1339
                                                    Density    =         1.0025
 Ewald error estimate:   0.1046E-04
 ------------------------------------------------------------------------------


 NSTEP =    16000   TIME(PS) =      52.000  TEMP(K) =   313.29  PRESS =  -110.0
 Etot   =    -47331.3842  EKtot   =     12607.5737  EPtot      =    -59938.9579
 BOND   =       331.0259  ANGLE   =       815.0850  DIHED      =      1283.5874
 1-4 NB =       410.6766  1-4 EEL =      4616.2643  VDWAALS    =      7431.8518
 EELEC  =    -74827.4490  EHBOND  =         0.0000  RESTRAINT  =         0.0000
 EKCMT  =      5699.4103  VIRIAL  =      6177.0024  VOLUME     =    201072.4357
                                                    Density    =         1.0015
 Ewald error estimate:   0.6993E-04
 ------------------------------------------------------------------------------


 NSTEP =    17000   TIME(PS) =      54.000  TEMP(K) =   308.50  PRESS =    76.7
 Etot   =    -47408.5719  EKtot   =     12415.0187  EPtot      =    -59823.5906
 BOND   =       314.3725  ANGLE   =       846.0224  DIHED      =      1287.5061
 1-4 NB =       394.0185  1-4 EEL =      4581.1615  VDWAALS    =      7418.9411
 EELEC  =    -74665.6126  EHBOND  =         0.0000  RESTRAINT  =         0.0000
 EKCMT  =      5665.6064  VIRIAL  =      5332.2470  VOLUME     =    201169.2576
                                                    Density    =         1.0011
 Ewald error estimate:   0.9387E-04
 ------------------------------------------------------------------------------

